   โ–ฒ Next.js 15.4.11
   - Experiments (use with caution):
     ยท serverActions

   Creating an optimized production build ...
